/workspace/wbv-v3-composition-screen-r1-venv/lib/python3.12/site-packages/peft/tuners/tuners_utils.py:1332: UserWarning: You have requested `ensure_weight_tying`, but no tied modules are added in either `modules_to_save` or `target_modules`
  warnings.warn(
{
  "adapter_dir": "/workspace/wbv-v3-composition-screen-runpod-20260731-a1-r2-output/arms/C0/training/checkpoint-6",
  "adapter_weight_sha256": "badd8006c5cfc94aa099096cc231410bca5c9aa879da798438d1c501b3a969d3",
  "base_dir": "/workspace/wbv-v3-composition-screen-runpod-20260731-a1-r2-output/work/base-release/base",
  "claim_limit": "Development-consumed controlled synthesis; not natural-language reliability evidence.",
  "created_at_utc": "2026-07-31T21:23:42.509192+00:00",
  "decoder": {
    "do_sample": false,
    "length_penalty": 1.0,
    "max_new_tokens": 64,
    "no_repeat_ngram_size": 0,
    "num_beams": 1,
    "repetition_penalty": 1.0
  },
  "development_file": "/workspace/wbv-v3-composition-screen-runpod-20260731-a1-r2/payload/data/DEVELOPMENT.jsonl",
  "development_sha256": "d441f08084904ca6107a7ba7a414707de248297366beedd269cdd466b63345b1",
  "duration_seconds": 5.7626394629478455,
  "label": "C0-step-6",
  "metrics": {
    "both_slots_present": 0,
    "by_predicate": {
      "coming-towards-speaker": {
        "both_slots_present": 0,
        "exact": 0,
        "rows": 3
      },
      "going-away": {
        "both_slots_present": 0,
        "exact": 0,
        "rows": 1
      },
      "running": {
        "both_slots_present": 0,
        "exact": 0,
        "rows": 3
      },
      "sitting": {
        "both_slots_present": 0,
        "exact": 0,
        "rows": 3
      },
      "standing": {
        "both_slots_present": 0,
        "exact": 0,
        "rows": 3
      }
    },
    "by_subject": {
      "child": {
        "both_slots_present": 0,
        "exact": 0,
        "rows": 4
      },
      "dog": {
        "both_slots_present": 0,
        "exact": 0,
        "rows": 4
      },
      "i": {
        "both_slots_present": 0,
        "exact": 0,
        "rows": 5
      }
    },
    "exact": 0,
    "faults": {
      "blank": 0,
      "repeated_token_4gram": 0,
      "source_copy": 0
    },
    "mean_chrf2": 43.01564603566749,
    "predicate_present": 1,
    "prediction_collapses": [],
    "rows": 13,
    "subject_present": 8
  },
  "schema_version": 1
}
