/workspace/wbv-v3-composition-screen-r1-venv/lib/python3.12/site-packages/peft/tuners/tuners_utils.py:1332: UserWarning: You have requested `ensure_weight_tying`, but no tied modules are added in either `modules_to_save` or `target_modules`
  warnings.warn(
/workspace/wbv-v3-composition-screen-r1-venv/lib/python3.12/site-packages/transformers/generation/utils.py:1528: UserWarning: You have modified the pretrained model configuration to control generation. This is a deprecated strategy to control generation and will be removed in v5. Please use and modify the model generation configuration (see https://huggingface.co/docs/transformers/generation_strategies#default-text-generation-configuration )
  warnings.warn(
{
  "adapter_dir": "/workspace/wbv-v3-composition-screen-runpod-20260731-a1-r2/payload/initial-adapter",
  "adapter_model_sha256": "05e6c40172d93b99538b3a21a04bbbd14a6c767180f85b83d5f00064a6858fb4",
  "base_dir": "/workspace/wbv-v3-composition-screen-runpod-20260731-a1-r2-output/work/base-release/base",
  "claim_limits": [
    "Closed lexical reconstruction measures retention of known mappings, not free-form translation reliability.",
    "Synthetic holdout rows test controlled composition under documented templates, not speaker-attested naturalness.",
    "The five historical rows are too small and source-specific to authorize a natural-translation claim.",
    "No automatic score substitutes for independent fluent-speaker review."
  ],
  "created_at_utc": "2026-07-31T21:21:26.523899+00:00",
  "decoder": {
    "length_penalty": 1.0,
    "max_new_tokens": 64,
    "no_repeat_ngram_size": 0,
    "num_beams": 1,
    "repetition_penalty": 1.0
  },
  "direct_one_target": {
    "exact": 1076,
    "exact_rate": 0.9126378286683631,
    "faults": {
      "blank": 0,
      "repeated_token_4gram": 0,
      "source_copy": 0
    },
    "mean_chrf2": 93.35768887370322,
    "mean_grapheme_cer": 0.053204000579019285,
    "rows": 1179,
    "surface_classes": {
      "different_surface_form": 27,
      "exact": 1076,
      "near_surface_form": 11,
      "over_generation_surface": 2,
      "under_generation_surface": 1,
      "wrong_known_target": 62
    }
  },
  "duration_seconds": 21.911028414033353,
  "environment": {
    "cuda_runtime": "12.8",
    "dtype": "bfloat16",
    "gpu": "NVIDIA A40",
    "torch": "2.8.0+cu128"
  },
  "faults": {
    "blank": 0,
    "repeated_token_4gram": 1,
    "source_copy": 0
  },
  "label": "B0",
  "schema_version": 1,
  "source_lang": "eng_Latn",
  "suites": {
    "historical_holdout": {
      "by_ambiguity_class": {
        "unspecified": {
          "exact": 0,
          "exact_rate": 0.0,
          "faults": {
            "blank": 0,
            "repeated_token_4gram": 0,
            "source_copy": 0
          },
          "mean_chrf2": 9.62228572695587,
          "mean_grapheme_cer": 0.6981818181818181,
          "rows": 5,
          "surface_classes": {
            "different_surface_form": 4,
            "under_generation_surface": 1
          }
        }
      },
      "by_construction_family": {
        "unspecified": {
          "exact": 0,
          "exact_rate": 0.0,
          "faults": {
            "blank": 0,
            "repeated_token_4gram": 0,
            "source_copy": 0
          },
          "mean_chrf2": 9.62228572695587,
          "mean_grapheme_cer": 0.6981818181818181,
          "rows": 5,
          "surface_classes": {
            "different_surface_form": 4,
            "under_generation_surface": 1
          }
        }
      },
      "by_pair_kind": {
        "published_historical_holdout": {
          "exact": 0,
          "exact_rate": 0.0,
          "faults": {
            "blank": 0,
            "repeated_token_4gram": 0,
            "source_copy": 0
          },
          "mean_chrf2": 9.62228572695587,
          "mean_grapheme_cer": 0.6981818181818181,
          "rows": 5,
          "surface_classes": {
            "different_surface_form": 4,
            "under_generation_surface": 1
          }
        }
      },
      "by_reference_grapheme_length": {
        "13-20": {
          "exact": 0,
          "exact_rate": 0.0,
          "faults": {
            "blank": 0,
            "repeated_token_4gram": 0,
            "source_copy": 0
          },
          "mean_chrf2": 7.784111150694692,
          "mean_grapheme_cer": 0.7333333333333333,
          "rows": 1,
          "surface_classes": {
            "different_surface_form": 1
          }
        },
        "21-plus": {
          "exact": 0,
          "exact_rate": 0.0,
          "faults": {
            "blank": 0,
            "repeated_token_4gram": 0,
            "source_copy": 0
          },
          "mean_chrf2": 10.081829371021163,
          "mean_grapheme_cer": 0.6893939393939393,
          "rows": 4,
          "surface_classes": {
            "different_surface_form": 3,
            "under_generation_surface": 1
          }
        }
      },
      "by_reference_token_length": {
        "5-plus": {
          "exact": 0,
          "exact_rate": 0.0,
          "faults": {
            "blank": 0,
            "repeated_token_4gram": 0,
            "source_copy": 0
          },
          "mean_chrf2": 9.62228572695587,
          "mean_grapheme_cer": 0.6981818181818181,
          "rows": 5,
          "surface_classes": {
            "different_surface_form": 4,
            "under_generation_surface": 1
          }
        }
      },
      "duration_seconds": 0.19881854765117168,
      "exact": 0,
      "exact_rate": 0.0,
      "faults": {
        "blank": 0,
        "repeated_token_4gram": 0,
        "source_copy": 0
      },
      "mean_chrf2": 9.62228572695587,
      "mean_grapheme_cer": 0.6981818181818181,
      "rows": 5,
      "rows_per_second": 25.148513531539745,
      "surface_classes": {
        "different_surface_form": 4,
        "under_generation_surface": 1
      }
    },
    "lexical_context_closed": {
      "by_ambiguity_class": {
        "unspecified": {
          "exact": 877,
          "exact_rate": 0.5207838479809976,
          "faults": {
            "blank": 0,
            "repeated_token_4gram": 1,
            "source_copy": 0
          },
          "mean_chrf2": 61.26223300682892,
          "mean_grapheme_cer": 0.33585591260247744,
          "rows": 1684,
          "surface_classes": {
            "different_surface_form": 215,
            "exact": 877,
            "near_surface_form": 28,
            "over_generation_surface": 30,
            "under_generation_surface": 27,
            "wrong_known_target": 507
          }
        }
      },
      "by_construction_family": {
        "unspecified": {
          "exact": 877,
          "exact_rate": 0.5207838479809976,
          "faults": {
            "blank": 0,
            "repeated_token_4gram": 1,
            "source_copy": 0
          },
          "mean_chrf2": 61.26223300682892,
          "mean_grapheme_cer": 0.33585591260247744,
          "rows": 1684,
          "surface_classes": {
            "different_surface_form": 215,
            "exact": 877,
            "near_surface_form": 28,
            "over_generation_surface": 30,
            "under_generation_surface": 27,
            "wrong_known_target": 507
          }
        }
      },
      "by_pair_kind": {
        "lexical_context_closed_reconstruction": {
          "exact": 877,
          "exact_rate": 0.5207838479809976,
          "faults": {
            "blank": 0,
            "repeated_token_4gram": 1,
            "source_copy": 0
          },
          "mean_chrf2": 61.26223300682892,
          "mean_grapheme_cer": 0.33585591260247744,
          "rows": 1684,
          "surface_classes": {
            "different_surface_form": 215,
            "exact": 877,
            "near_surface_form": 28,
            "over_generation_surface": 30,
            "under_generation_surface": 27,
            "wrong_known_target": 507
          }
        }
      },
      "by_reference_grapheme_length": {
        "01-04": {
          "exact": 53,
          "exact_rate": 0.5247524752475248,
          "faults": {
            "blank": 0,
            "repeated_token_4gram": 0,
            "source_copy": 0
          },
          "mean_chrf2": 59.22309350295741,
          "mean_grapheme_cer": 0.5198019801980198,
          "rows": 101,
          "surface_classes": {
            "different_surface_form": 5,
            "exact": 53,
            "over_generation_surface": 7,
            "wrong_known_target": 36
          }
        },
        "05-08": {
          "exact": 422,
          "exact_rate": 0.5417201540436457,
          "faults": {
            "blank": 0,
            "repeated_token_4gram": 0,
            "source_copy": 0
          },
          "mean_chrf2": 60.153388683117704,
          "mean_grapheme_cer": 0.37441316706400146,
          "rows": 779,
          "surface_classes": {
            "different_surface_form": 84,
            "exact": 422,
            "near_surface_form": 4,
            "over_generation_surface": 21,
            "under_generation_surface": 4,
            "wrong_known_target": 244
          }
        },
        "09-12": {
          "exact": 219,
          "exact_rate": 0.48237885462555063,
          "faults": {
            "blank": 0,
            "repeated_token_4gram": 1,
            "source_copy": 0
          },
          "mean_chrf2": 59.665761404123955,
          "mean_grapheme_cer": 0.3140668802563076,
          "rows": 454,
          "surface_classes": {
            "different_surface_form": 72,
            "exact": 219,
            "near_surface_form": 8,
            "over_generation_surface": 2,
            "under_generation_surface": 10,
            "wrong_known_target": 143
          }
        },
        "13-20": {
          "exact": 181,
          "exact_rate": 0.5276967930029155,
          "faults": {
            "blank": 0,
            "repeated_token_4gram": 0,
            "source_copy": 0
          },
          "mean_chrf2": 66.81219924470986,
          "mean_grapheme_cer": 0.2221116002929856,
          "rows": 343,
          "surface_classes": {
            "different_surface_form": 53,
            "exact": 181,
            "near_surface_form": 16,
            "under_generation_surface": 12,
            "wrong_known_target": 81
          }
        },
        "21-plus": {
          "exact": 2,
          "exact_rate": 0.2857142857142857,
          "faults": {
            "blank": 0,
            "repeated_token_4gram": 0,
            "source_copy": 0
          },
          "mean_chrf2": 45.67687673496397,
          "mean_grapheme_cer": 0.37755102040816324,
          "rows": 7,
          "surface_classes": {
            "different_surface_form": 1,
            "exact": 2,
            "under_generation_surface": 1,
            "wrong_known_target": 3
          }
        }
      },
      "by_reference_token_length": {
        "1": {
          "exact": 47,
          "exact_rate": 0.44761904761904764,
          "faults": {
            "blank": 0,
            "repeated_token_4gram": 0,
            "source_copy": 0
          },
          "mean_chrf2": 52.53235338442739,
          "mean_grapheme_cer": 0.5734920634920635,
          "rows": 105,
          "surface_classes": {
            "different_surface_form": 5,
            "exact": 47,
            "over_generation_surface": 6,
            "wrong_known_target": 47
          }
        },
        "2": {
          "exact": 280,
          "exact_rate": 0.5353728489483748,
          "faults": {
            "blank": 0,
            "repeated_token_4gram": 0,
            "source_copy": 0
          },
          "mean_chrf2": 59.47099654890842,
          "mean_grapheme_cer": 0.39271070442198547,
          "rows": 523,
          "surface_classes": {
            "different_surface_form": 55,
            "exact": 280,
            "near_surface_form": 2,
            "over_generation_surface": 21,
            "under_generation_surface": 2,
            "wrong_known_target": 163
          }
        },
        "3-4": {
          "exact": 375,
          "exact_rate": 0.5201109570041609,
          "faults": {
            "blank": 0,
            "repeated_token_4gram": 0,
            "source_copy": 0
          },
          "mean_chrf2": 61.87450432678466,
          "mean_grapheme_cer": 0.30493049099151737,
          "rows": 721,
          "surface_classes": {
            "different_surface_form": 101,
            "exact": 375,
            "near_surface_form": 13,
            "over_generation_surface": 2,
            "under_generation_surface": 15,
            "wrong_known_target": 215
          }
        },
        "5-plus": {
          "exact": 175,
          "exact_rate": 0.5223880597014925,
          "faults": {
            "blank": 0,
            "repeated_token_4gram": 1,
            "source_copy": 0
          },
          "mean_chrf2": 65.47717750281845,
          "mean_grapheme_cer": 0.2391704708606654,
          "rows": 335,
          "surface_classes": {
            "different_surface_form": 54,
            "exact": 175,
            "near_surface_form": 13,
            "over_generation_surface": 1,
            "under_generation_surface": 10,
            "wrong_known_target": 82
          }
        }
      },
      "duration_seconds": 10.051865383982658,
      "exact": 877,
      "exact_rate": 0.5207838479809976,
      "faults": {
        "blank": 0,
        "repeated_token_4gram": 1,
        "source_copy": 0
      },
      "mean_chrf2": 61.26223300682892,
      "mean_grapheme_cer": 0.33585591260247744,
      "rows": 1684,
      "rows_per_second": 167.53107383740476,
      "surface_classes": {
        "different_surface_form": 215,
        "exact": 877,
        "near_surface_form": 28,
        "over_generation_surface": 30,
        "under_generation_surface": 27,
        "wrong_known_target": 507
      }
    },
    "lexical_direct_closed": {
      "by_ambiguity_class": {
        "cross_source_conflict": {
          "exact": 5,
          "exact_rate": 1.0,
          "faults": {
            "blank": 0,
            "repeated_token_4gram": 0,
            "source_copy": 0
          },
          "mean_chrf2": 100.0,
          "mean_grapheme_cer": 0.0,
          "rows": 5,
          "surface_classes": {
            "exact": 5
          }
        },
        "multiple_accepted_targets": {
          "exact": 18,
          "exact_rate": 0.08035714285714286,
          "faults": {
            "blank": 0,
            "repeated_token_4gram": 0,
            "source_copy": 0
          },
          "mean_chrf2": 26.67768160915004,
          "mean_grapheme_cer": 0.6163990836719303,
          "rows": 224,
          "surface_classes": {
            "different_surface_form": 64,
            "exact": 18,
            "near_surface_form": 8,
            "over_generation_surface": 6,
            "under_generation_surface": 6,
            "wrong_known_target": 122
          }
        },
        "one_target": {
          "exact": 1076,
          "exact_rate": 0.9126378286683631,
          "faults": {
            "blank": 0,
            "repeated_token_4gram": 0,
            "source_copy": 0
          },
          "mean_chrf2": 93.35768887370322,
          "mean_grapheme_cer": 0.053204000579019285,
          "rows": 1179,
          "surface_classes": {
            "different_surface_form": 27,
            "exact": 1076,
            "near_surface_form": 11,
            "over_generation_surface": 2,
            "under_generation_surface": 1,
            "wrong_known_target": 62
          }
        }
      },
      "by_construction_family": {
        "unspecified": {
          "exact": 1099,
          "exact_rate": 0.7805397727272727,
          "faults": {
            "blank": 0,
            "repeated_token_4gram": 0,
            "source_copy": 0
          },
          "mean_chrf2": 82.77309365237622,
          "mean_grapheme_cer": 0.1426142836826535,
          "rows": 1408,
          "surface_classes": {
            "different_surface_form": 91,
            "exact": 1099,
            "near_surface_form": 19,
            "over_generation_surface": 8,
            "under_generation_surface": 7,
            "wrong_known_target": 184
          }
        }
      },
      "by_pair_kind": {
        "lexical_direct_closed_reconstruction": {
          "exact": 1099,
          "exact_rate": 0.7805397727272727,
          "faults": {
            "blank": 0,
            "repeated_token_4gram": 0,
            "source_copy": 0
          },
          "mean_chrf2": 82.77309365237622,
          "mean_grapheme_cer": 0.1426142836826535,
          "rows": 1408,
          "surface_classes": {
            "different_surface_form": 91,
            "exact": 1099,
            "near_surface_form": 19,
            "over_generation_surface": 8,
            "under_generation_surface": 7,
            "wrong_known_target": 184
          }
        }
      },
      "by_reference_grapheme_length": {
        "01-04": {
          "exact": 73,
          "exact_rate": 0.7604166666666666,
          "faults": {
            "blank": 0,
            "repeated_token_4gram": 0,
            "source_copy": 0
          },
          "mean_chrf2": 79.17135625298069,
          "mean_grapheme_cer": 0.2445035866910867,
          "rows": 96,
          "surface_classes": {
            "different_surface_form": 10,
            "exact": 73,
            "over_generation_surface": 1,
            "wrong_known_target": 12
          }
        },
        "05-08": {
          "exact": 518,
          "exact_rate": 0.7848484848484848,
          "faults": {
            "blank": 0,
            "repeated_token_4gram": 0,
            "source_copy": 0
          },
          "mean_chrf2": 81.67810279141507,
          "mean_grapheme_cer": 0.16356831720468085,
          "rows": 660,
          "surface_classes": {
            "different_surface_form": 34,
            "exact": 518,
            "near_surface_form": 3,
            "over_generation_surface": 6,
            "under_generation_surface": 3,
            "wrong_known_target": 96
          }
        },
        "09-12": {
          "exact": 279,
          "exact_rate": 0.7622950819672131,
          "faults": {
            "blank": 0,
            "repeated_token_4gram": 0,
            "source_copy": 0
          },
          "mean_chrf2": 82.51365174498248,
          "mean_grapheme_cer": 0.12842058540587953,
          "rows": 366,
          "surface_classes": {
            "different_surface_form": 30,
            "exact": 279,
            "near_surface_form": 8,
            "over_generation_surface": 1,
            "under_generation_surface": 4,
            "wrong_known_target": 44
          }
        },
        "13-20": {
          "exact": 226,
          "exact_rate": 0.8014184397163121,
          "faults": {
            "blank": 0,
            "repeated_token_4gram": 0,
            "source_copy": 0
          },
          "mean_chrf2": 86.8909022604452,
          "mean_grapheme_cer": 0.0776430957907804,
          "rows": 282,
          "surface_classes": {
            "different_surface_form": 16,
            "exact": 226,
            "near_surface_form": 8,
            "wrong_known_target": 32
          }
        },
        "21-plus": {
          "exact": 3,
          "exact_rate": 0.75,
          "faults": {
            "blank": 0,
            "repeated_token_4gram": 0,
            "source_copy": 0
          },
          "mean_chrf2": 83.32171095412127,
          "mean_grapheme_cer": 0.11904761904761904,
          "rows": 4,
          "surface_classes": {
            "different_surface_form": 1,
            "exact": 3
          }
        }
      },
      "by_reference_token_length": {
        "1": {
          "exact": 71,
          "exact_rate": 0.696078431372549,
          "faults": {
            "blank": 0,
            "repeated_token_4gram": 0,
            "source_copy": 0
          },
          "mean_chrf2": 74.15107159753047,
          "mean_grapheme_cer": 0.2775752569870217,
          "rows": 102,
          "surface_classes": {
            "different_surface_form": 11,
            "exact": 71,
            "over_generation_surface": 2,
            "wrong_known_target": 18
          }
        },
        "2": {
          "exact": 344,
          "exact_rate": 0.7661469933184856,
          "faults": {
            "blank": 0,
            "repeated_token_4gram": 0,
            "source_copy": 0
          },
          "mean_chrf2": 80.09080361702428,
          "mean_grapheme_cer": 0.18088320365603217,
          "rows": 449,
          "surface_classes": {
            "different_surface_form": 27,
            "exact": 344,
            "near_surface_form": 1,
            "over_generation_surface": 4,
            "under_generation_surface": 3,
            "wrong_known_target": 70
          }
        },
        "3-4": {
          "exact": 460,
          "exact_rate": 0.7863247863247863,
          "faults": {
            "blank": 0,
            "repeated_token_4gram": 0,
            "source_copy": 0
          },
          "mean_chrf2": 83.94901327528055,
          "mean_grapheme_cer": 0.12050991757251185,
          "rows": 585,
          "surface_classes": {
            "different_surface_form": 41,
            "exact": 460,
            "near_surface_form": 10,
            "over_generation_surface": 2,
            "under_generation_surface": 3,
            "wrong_known_target": 69
          }
        },
        "5-plus": {
          "exact": 224,
          "exact_rate": 0.8235294117647058,
          "faults": {
            "blank": 0,
            "repeated_token_4gram": 0,
            "source_copy": 0
          },
          "mean_chrf2": 87.90501091733302,
          "mean_grapheme_cer": 0.07637270217287517,
          "rows": 272,
          "surface_classes": {
            "different_surface_form": 12,
            "exact": 224,
            "near_surface_form": 8,
            "under_generation_surface": 1,
            "wrong_known_target": 27
          }
        }
      },
      "duration_seconds": 6.840741381049156,
      "exact": 1099,
      "exact_rate": 0.7805397727272727,
      "faults": {
        "blank": 0,
        "repeated_token_4gram": 0,
        "source_copy": 0
      },
      "mean_chrf2": 82.77309365237622,
      "mean_grapheme_cer": 0.1426142836826535,
      "rows": 1408,
      "rows_per_second": 205.82561659462772,
      "surface_classes": {
        "different_surface_form": 91,
        "exact": 1099,
        "near_surface_form": 19,
        "over_generation_surface": 8,
        "under_generation_surface": 7,
        "wrong_known_target": 184
      }
    },
    "retention": {
      "by_ambiguity_class": {
        "unspecified": {
          "exact": 55,
          "exact_rate": 1.0,
          "faults": {
            "blank": 0,
            "repeated_token_4gram": 0,
            "source_copy": 0
          },
          "mean_chrf2": 100.0,
          "mean_grapheme_cer": 0.0,
          "rows": 55,
          "surface_classes": {
            "exact": 55
          }
        }
      },
      "by_construction_family": {
        "unspecified": {
          "exact": 55,
          "exact_rate": 1.0,
          "faults": {
            "blank": 0,
            "repeated_token_4gram": 0,
            "source_copy": 0
          },
          "mean_chrf2": 100.0,
          "mean_grapheme_cer": 0.0,
          "rows": 55,
          "surface_classes": {
            "exact": 55
          }
        }
      },
      "by_pair_kind": {
        "v1_retention": {
          "exact": 55,
          "exact_rate": 1.0,
          "faults": {
            "blank": 0,
            "repeated_token_4gram": 0,
            "source_copy": 0
          },
          "mean_chrf2": 100.0,
          "mean_grapheme_cer": 0.0,
          "rows": 55,
          "surface_classes": {
            "exact": 55
          }
        }
      },
      "by_reference_grapheme_length": {
        "01-04": {
          "exact": 16,
          "exact_rate": 1.0,
          "faults": {
            "blank": 0,
            "repeated_token_4gram": 0,
            "source_copy": 0
          },
          "mean_chrf2": 100.0,
          "mean_grapheme_cer": 0.0,
          "rows": 16,
          "surface_classes": {
            "exact": 16
          }
        },
        "05-08": {
          "exact": 26,
          "exact_rate": 1.0,
          "faults": {
            "blank": 0,
            "repeated_token_4gram": 0,
            "source_copy": 0
          },
          "mean_chrf2": 100.0,
          "mean_grapheme_cer": 0.0,
          "rows": 26,
          "surface_classes": {
            "exact": 26
          }
        },
        "09-12": {
          "exact": 5,
          "exact_rate": 1.0,
          "faults": {
            "blank": 0,
            "repeated_token_4gram": 0,
            "source_copy": 0
          },
          "mean_chrf2": 100.0,
          "mean_grapheme_cer": 0.0,
          "rows": 5,
          "surface_classes": {
            "exact": 5
          }
        },
        "13-20": {
          "exact": 7,
          "exact_rate": 1.0,
          "faults": {
            "blank": 0,
            "repeated_token_4gram": 0,
            "source_copy": 0
          },
          "mean_chrf2": 100.0,
          "mean_grapheme_cer": 0.0,
          "rows": 7,
          "surface_classes": {
            "exact": 7
          }
        },
        "21-plus": {
          "exact": 1,
          "exact_rate": 1.0,
          "faults": {
            "blank": 0,
            "repeated_token_4gram": 0,
            "source_copy": 0
          },
          "mean_chrf2": 100.0,
          "mean_grapheme_cer": 0.0,
          "rows": 1,
          "surface_classes": {
            "exact": 1
          }
        }
      },
      "by_reference_token_length": {
        "1": {
          "exact": 13,
          "exact_rate": 1.0,
          "faults": {
            "blank": 0,
            "repeated_token_4gram": 0,
            "source_copy": 0
          },
          "mean_chrf2": 100.0,
          "mean_grapheme_cer": 0.0,
          "rows": 13,
          "surface_classes": {
            "exact": 13
          }
        },
        "2": {
          "exact": 26,
          "exact_rate": 1.0,
          "faults": {
            "blank": 0,
            "repeated_token_4gram": 0,
            "source_copy": 0
          },
          "mean_chrf2": 100.0,
          "mean_grapheme_cer": 0.0,
          "rows": 26,
          "surface_classes": {
            "exact": 26
          }
        },
        "3-4": {
          "exact": 10,
          "exact_rate": 1.0,
          "faults": {
            "blank": 0,
            "repeated_token_4gram": 0,
            "source_copy": 0
          },
          "mean_chrf2": 100.0,
          "mean_grapheme_cer": 0.0,
          "rows": 10,
          "surface_classes": {
            "exact": 10
          }
        },
        "5-plus": {
          "exact": 6,
          "exact_rate": 1.0,
          "faults": {
            "blank": 0,
            "repeated_token_4gram": 0,
            "source_copy": 0
          },
          "mean_chrf2": 100.0,
          "mean_grapheme_cer": 0.0,
          "rows": 6,
          "surface_classes": {
            "exact": 6
          }
        }
      },
      "duration_seconds": 0.30943654011934996,
      "exact": 55,
      "exact_rate": 1.0,
      "faults": {
        "blank": 0,
        "repeated_token_4gram": 0,
        "source_copy": 0
      },
      "mean_chrf2": 100.0,
      "mean_grapheme_cer": 0.0,
      "rows": 55,
      "rows_per_second": 177.74222963970414,
      "surface_classes": {
        "exact": 55
      }
    },
    "synthetic_holdout": {
      "by_ambiguity_class": {
        "unspecified": {
          "exact": 13,
          "exact_rate": 0.3611111111111111,
          "faults": {
            "blank": 0,
            "repeated_token_4gram": 0,
            "source_copy": 0
          },
          "mean_chrf2": 70.90088882636171,
          "mean_grapheme_cer": 0.18124171611181975,
          "rows": 36,
          "surface_classes": {
            "different_surface_form": 13,
            "exact": 13,
            "near_surface_form": 9,
            "wrong_known_target": 1
          }
        }
      },
      "by_construction_family": {
        "positive-present-intransitive-going-away": {
          "exact": 1,
          "exact_rate": 0.3333333333333333,
          "faults": {
            "blank": 0,
            "repeated_token_4gram": 0,
            "source_copy": 0
          },
          "mean_chrf2": 74.20568344316007,
          "mean_grapheme_cer": 0.1164021164021164,
          "rows": 3,
          "surface_classes": {
            "different_surface_form": 1,
            "exact": 1,
            "near_surface_form": 1
          }
        },
        "positive-present-intransitive-sitting-down": {
          "exact": 1,
          "exact_rate": 0.3333333333333333,
          "faults": {
            "blank": 0,
            "repeated_token_4gram": 0,
            "source_copy": 0
          },
          "mean_chrf2": 81.79236875216792,
          "mean_grapheme_cer": 0.1369047619047619,
          "rows": 3,
          "surface_classes": {
            "different_surface_form": 1,
            "exact": 1,
            "near_surface_form": 1
          }
        },
        "positive-stative-verbless-cold": {
          "exact": 1,
          "exact_rate": 0.5,
          "faults": {
            "blank": 0,
            "repeated_token_4gram": 0,
            "source_copy": 0
          },
          "mean_chrf2": 75.43646689250822,
          "mean_grapheme_cer": 0.10714285714285714,
          "rows": 2,
          "surface_classes": {
            "exact": 1,
            "near_surface_form": 1
          }
        },
        "positive-stative-verbless-good": {
          "exact": 3,
          "exact_rate": 0.375,
          "faults": {
            "blank": 0,
            "repeated_token_4gram": 0,
            "source_copy": 0
          },
          "mean_chrf2": 63.451459688109715,
          "mean_grapheme_cer": 0.21433662280701754,
          "rows": 8,
          "surface_classes": {
            "different_surface_form": 4,
            "exact": 3,
            "near_surface_form": 1
          }
        },
        "positive-stative-verbless-hungry": {
          "exact": 2,
          "exact_rate": 0.4,
          "faults": {
            "blank": 0,
            "repeated_token_4gram": 0,
            "source_copy": 0
          },
          "mean_chrf2": 65.89943024798086,
          "mean_grapheme_cer": 0.2348684210526316,
          "rows": 5,
          "surface_classes": {
            "different_surface_form": 2,
            "exact": 2,
            "near_surface_form": 1
          }
        },
        "positive-stative-verbless-small": {
          "exact": 5,
          "exact_rate": 0.3333333333333333,
          "faults": {
            "blank": 0,
            "repeated_token_4gram": 0,
            "source_copy": 0
          },
          "mean_chrf2": 73.0970719088826,
          "mean_grapheme_cer": 0.17743068953999094,
          "rows": 15,
          "surface_classes": {
            "different_surface_form": 5,
            "exact": 5,
            "near_surface_form": 4,
            "wrong_known_target": 1
          }
        }
      },
      "by_pair_kind": {
        "controlled_synthetic_holdout": {
          "exact": 13,
          "exact_rate": 0.3611111111111111,
          "faults": {
            "blank": 0,
            "repeated_token_4gram": 0,
            "source_copy": 0
          },
          "mean_chrf2": 70.90088882636171,
          "mean_grapheme_cer": 0.18124171611181975,
          "rows": 36,
          "surface_classes": {
            "different_surface_form": 13,
            "exact": 13,
            "near_surface_form": 9,
            "wrong_known_target": 1
          }
        }
      },
      "by_reference_grapheme_length": {
        "09-12": {
          "exact": 2,
          "exact_rate": 0.6666666666666666,
          "faults": {
            "blank": 0,
            "repeated_token_4gram": 0,
            "source_copy": 0
          },
          "mean_chrf2": 78.17117393439311,
          "mean_grapheme_cer": 0.1388888888888889,
          "rows": 3,
          "surface_classes": {
            "different_surface_form": 1,
            "exact": 2
          }
        },
        "13-20": {
          "exact": 10,
          "exact_rate": 0.3448275862068966,
          "faults": {
            "blank": 0,
            "repeated_token_4gram": 0,
            "source_copy": 0
          },
          "mean_chrf2": 69.44018631600687,
          "mean_grapheme_cer": 0.19046233738504476,
          "rows": 29,
          "surface_classes": {
            "different_surface_form": 11,
            "exact": 10,
            "near_surface_form": 7,
            "wrong_known_target": 1
          }
        },
        "21-plus": {
          "exact": 1,
          "exact_rate": 0.25,
          "faults": {
            "blank": 0,
            "repeated_token_4gram": 0,
            "source_copy": 0
          },
          "mean_chrf2": 76.0382681954107,
          "mean_grapheme_cer": 0.14615683229813664,
          "rows": 4,
          "surface_classes": {
            "different_surface_form": 1,
            "exact": 1,
            "near_surface_form": 2
          }
        }
      },
      "by_reference_token_length": {
        "3-4": {
          "exact": 2,
          "exact_rate": 1.0,
          "faults": {
            "blank": 0,
            "repeated_token_4gram": 0,
            "source_copy": 0
          },
          "mean_chrf2": 90.18826659451659,
          "mean_grapheme_cer": 0.0,
          "rows": 2,
          "surface_classes": {
            "exact": 2
          }
        },
        "5-plus": {
          "exact": 11,
          "exact_rate": 0.3235294117647059,
          "faults": {
            "blank": 0,
            "repeated_token_4gram": 0,
            "source_copy": 0
          },
          "mean_chrf2": 69.76633719294082,
          "mean_grapheme_cer": 0.1919029935301621,
          "rows": 34,
          "surface_classes": {
            "different_surface_form": 13,
            "exact": 11,
            "near_surface_form": 9,
            "wrong_known_target": 1
          }
        }
      },
      "duration_seconds": 0.30309255979955196,
      "exact": 13,
      "exact_rate": 0.3611111111111111,
      "faults": {
        "blank": 0,
        "repeated_token_4gram": 0,
        "source_copy": 0
      },
      "mean_chrf2": 70.90088882636171,
      "mean_grapheme_cer": 0.18124171611181975,
      "rows": 36,
      "rows_per_second": 118.77545662796906,
      "surface_classes": {
        "different_surface_form": 13,
        "exact": 13,
        "near_surface_form": 9,
        "wrong_known_target": 1
      }
    }
  },
  "target_lang": "wbv_Latn",
  "target_token_id": 256204,
  "total_rows": 3188
}
